This is e-pTeX, Version 3.141592653-p3.9.1-210218-2.6 (utf8.euc) (TeX Live 2022/dev/Debian) (preloaded format=platex 2023.4.13)  8 APR 2026 17:49
entering extended mode
 restricted \write18 enabled.
 %&-line parsing enabled.
**bt_en
(./bt_en.tex
pLaTeX2e <2021-11-15> (based on LaTeX2e <2021-11-15> patch level 1)
L3 programming layer <2022-01-21> (./kuee.cls
Document Class: kuee 2018/03/03
(/usr/share/texlive/texmf-dist/tex/platex/base/jreport.cls
Document Class: jreport 2020/09/30 v1.8f Standard pLaTeX class
\c@@paper=\count184
(/usr/share/texlive/texmf-dist/tex/platex/base/jsize12.clo
File: jsize12.clo 2020/09/30 v1.8f Standard pLaTeX file (size option)
)
\c@part=\count185
\c@chapter=\count186
\c@section=\count187
\c@subsection=\count188
\c@subsubsection=\count189
\c@paragraph=\count190
\c@subparagraph=\count191
\c@figure=\count192
\c@table=\count193
\abovecaptionskip=\skip47
\belowcaptionskip=\skip48
\symmincho=\mathgroup4
LaTeX Font Info:    Overwriting symbol font `mincho' in version `bold'
(Font)                  JY1/mc/m/n --> JY1/gt/m/n on input line 704.
\toclineskip=\dimen154
\@lnumwidth=\dimen155
\bibindent=\dimen156
\heisei=\count194
)
\@kuee@appseq=\count195
\kuee@post=\write3
\@kuee@open=\count196
\@kuee@seq=\count197
)
(/usr/share/texlive/texmf-dist/tex/latex/graphics/graphicx.sty
Package: graphicx 2021/09/16 v1.2d Enhanced LaTeX Graphics (DPC,SPQR)

(/usr/share/texlive/texmf-dist/tex/latex/graphics/keyval.sty
Package: keyval 2014/10/28 v1.15 key=value parser (DPC)
\KV@toks@=\toks17
)
(/usr/share/texlive/texmf-dist/tex/latex/graphics/graphics.sty
Package: graphics 2021/03/04 v1.4d Standard LaTeX Graphics (DPC,SPQR)

(/usr/share/texlive/texmf-dist/tex/latex/graphics/trig.sty
Package: trig 2021/08/11 v1.11 sin cos tan (DPC)
)
(/usr/share/texlive/texmf-dist/tex/latex/graphics-cfg/graphics.cfg
File: graphics.cfg 2016/06/04 v1.11 sample graphics configuration
)
Package graphics Info: Driver file: dvipdfmx.def on input line 107.

(/usr/share/texlive/texmf-dist/tex/latex/graphics-def/dvipdfmx.def
File: dvipdfmx.def 2021/03/18 v5.0j Graphics/color driver for dvipdfmx
))
\Gin@req@height=\dimen157
\Gin@req@width=\dimen158
)
(/usr/share/texlive/texmf-dist/tex/latex/here/here.sty)
(/usr/share/texlive/texmf-dist/tex/latex/float/float.sty
Package: float 2001/11/08 v1.3d Float enhancements (AL)
\c@float@type=\count198
\float@exts=\toks18
\float@box=\box67
\@float@everytoks=\toks19
\@floatcapt=\box68
)
(/usr/share/texlive/texmf-dist/tex/latex/amsmath/amsmath.sty
Package: amsmath 2021/10/15 v2.17l AMS math features
\@mathmargin=\skip49

For additional information on amsmath, use the `?' option.
(/usr/share/texlive/texmf-dist/tex/latex/amsmath/amstext.sty
Package: amstext 2021/08/26 v2.01 AMS text

(/usr/share/texlive/texmf-dist/tex/latex/amsmath/amsgen.sty
File: amsgen.sty 1999/11/30 v2.0 generic functions
\@emptytoks=\toks20
\ex@=\dimen159
))
(/usr/share/texlive/texmf-dist/tex/latex/amsmath/amsbsy.sty
Package: amsbsy 1999/11/29 v1.2d Bold Symbols
\pmbraise@=\dimen160
)
(/usr/share/texlive/texmf-dist/tex/latex/amsmath/amsopn.sty
Package: amsopn 2021/08/26 v2.02 operator names
)
\inf@bad=\count199
LaTeX Info: Redefining \frac on input line 234.
\uproot@=\count266
\leftroot@=\count267
LaTeX Info: Redefining \overline on input line 399.
\classnum@=\count268
\DOTSCASE@=\count269
LaTeX Info: Redefining \ldots on input line 496.
LaTeX Info: Redefining \dots on input line 499.
LaTeX Info: Redefining \cdots on input line 620.
\Mathstrutbox@=\box69
\strutbox@=\box70
\big@size=\dimen161
LaTeX Font Info:    Redeclaring font encoding OML on input line 743.
LaTeX Font Info:    Redeclaring font encoding OMS on input line 744.
\macc@depth=\count270
\c@MaxMatrixCols=\count271
\dotsspace@=\muskip16
\c@parentequation=\count272
\dspbrk@lvl=\count273
\tag@help=\toks21
\row@=\count274
\column@=\count275
\maxfields@=\count276
\andhelp@=\toks22
\eqnshift@=\dimen162
\alignsep@=\dimen163
\tagshift@=\dimen164
\tagwidth@=\dimen165
\totwidth@=\dimen166
\lineht@=\dimen167
\@envbody=\toks23
\multlinegap=\skip50
\multlinetaggap=\skip51
\mathdisplay@stack=\toks24
LaTeX Info: Redefining \[ on input line 2938.
LaTeX Info: Redefining \] on input line 2939.
)
(/usr/share/texlive/texmf-dist/tex/latex/tools/bm.sty
Package: bm 2021/04/25 v1.2e Bold Symbol Support (DPC/FMi)
\symboldoperators=\mathgroup5
\symboldletters=\mathgroup6
\symboldsymbols=\mathgroup7
Package bm Info: No bold for \OMX/cmex/m/n, using \pmb.
\symboldmincho=\mathgroup8
LaTeX Font Info:    Redeclaring math alphabet \mathbf on input line 149.
)
(/usr/share/texlive/texmf-dist/tex/latex/multirow/multirow.sty
Package: multirow 2021/03/15 v2.8 Span multiple rows of a table
\multirow@colwidth=\skip52
\multirow@cntb=\count277
\multirow@dima=\skip53
\bigstrutjot=\dimen168
)
(/usr/share/texlive/texmf-dist/tex/latex/l3backend/l3backend-dvips.def
File: l3backend-dvips.def 2022-01-12 L3 backend support: dvips
\l__pdf_internal_box=\box71
\g__pdf_backend_object_int=\count278
\l__pdf_backend_content_box=\box72
\l__pdf_backend_model_box=\box73
\g__pdf_backend_annotation_int=\count279
\g__pdf_backend_link_int=\count280
\g__pdf_backend_link_sf_int=\count281
)
(./bt_en.aux)
\openout1 = `bt_en.aux'.

LaTeX Font Info:    Checking defaults for OML/cmm/m/it on input line 20.
LaTeX Font Info:    ... okay on input line 20.
LaTeX Font Info:    Checking defaults for OMS/cmsy/m/n on input line 20.
LaTeX Font Info:    ... okay on input line 20.
LaTeX Font Info:    Checking defaults for OT1/cmr/m/n on input line 20.
LaTeX Font Info:    ... okay on input line 20.
LaTeX Font Info:    Checking defaults for T1/cmr/m/n on input line 20.
LaTeX Font Info:    ... okay on input line 20.
LaTeX Font Info:    Checking defaults for TS1/cmr/m/n on input line 20.
LaTeX Font Info:    ... okay on input line 20.
LaTeX Font Info:    Checking defaults for OMX/cmex/m/n on input line 20.
LaTeX Font Info:    ... okay on input line 20.
LaTeX Font Info:    Checking defaults for U/cmr/m/n on input line 20.
LaTeX Font Info:    ... okay on input line 20.
LaTeX Font Info:    Checking defaults for JY1/mc/m/n on input line 20.
LaTeX Font Info:    ... okay on input line 20.
LaTeX Font Info:    Checking defaults for JT1/mc/m/n on input line 20.
LaTeX Font Info:    ... okay on input line 20.
 [0]
LaTeX Font Info:    Font shape `JT1/mc/bx/n' in size <17.28> not available
(Font)              Font shape `JT1/gt/m/n' tried instead on input line 22.
LaTeX Font Info:    Font shape `JY1/mc/bx/n' in size <17.28> not available
(Font)              Font shape `JY1/gt/m/n' tried instead on input line 22.
LaTeX Font Info:    Font shape `JT1/mc/bx/n' in size <12> not available
(Font)              Font shape `JT1/gt/m/n' tried instead on input line 22.
LaTeX Font Info:    Font shape `JY1/mc/bx/n' in size <12> not available
(Font)              Font shape `JY1/gt/m/n' tried instead on input line 22.
 [1


]
\clearpage
LaTeX Font Info:    Font shape `JT1/mc/bx/n' in size <20.74> not available
(Font)              Font shape `JT1/gt/m/n' tried instead on input line 55.
LaTeX Font Info:    Font shape `JY1/mc/bx/n' in size <20.74> not available
(Font)              Font shape `JY1/gt/m/n' tried instead on input line 55.
(./bt_en.toc [2

])
\tf@toc=\write4
\openout4 = `bt_en.toc'.

 [3]
\clearpage
第{1}章.
[1

] [2]
\clearpage
第{2}章.
[3

]
LaTeX Font Info:    Font shape `JT1/mc/bx/n' in size <14.4> not available
(Font)              Font shape `JT1/gt/m/n' tried instead on input line 180.
LaTeX Font Info:    Font shape `JY1/mc/bx/n' in size <14.4> not available
(Font)              Font shape `JY1/gt/m/n' tried instead on input line 180.
\@kuee1chapter=\count282
\@kuee1figure=\count283
\openout3 = `bt_en.fff'.

 (bt_en.fff) [4]
\@kuee2chapter=\count284
\@kuee2figure=\count285
 [5] [6]
\@kuee3chapter=\count286
\@kuee3figure=\count287
 [7]
\@kuee4chapter=\count288
\@kuee4figure=\count289

Overfull \hbox (0.98465pt too wide) in paragraph at lines 374--381
\OT1/cmr/m/n/12 For ex-am-ple, the la-bel se-quence ``AAN-NC-CGNGGGTT'' is con-
verted to ``ACGGT''.
 []


Underfull \hbox (badness 10000) in paragraph at lines 374--381

 []


Overfull \hbox (5.59183pt too wide) in paragraph at lines 391--391
[]\OT1/cmr/bx/n/17.28 Limitations of Ex-ist-ing Meth-ods and Re-search
 []

[8] [9]
第{3}章.
[10

]
\@kuee5chapter=\count290
\@kuee5figure=\count291
 [11] [12]
Overfull \hbox (6.03773pt too wide) in paragraph at lines 586--586
[]\OT1/cmr/bx/n/17.28 Improved En-cod-ing Al-go-rithm for Long Reads 
 []

[13]
\@kuee6chapter=\count292
\@kuee6figure=\count293
 [14]
第{4}章.
\@kuee7chapter=\count294
\@kuee7figure=\count295
[15

]
\@kuee8chapter=\count296
\@kuee8table=\count297
\@kuee9chapter=\count298
\@kuee9table=\count299
\@kuee10chapter=\count300
\@kuee10table=\count301
 [16]
Overfull \hbox (6.03773pt too wide) in paragraph at lines 795--795
[]\OT1/cmr/bx/n/17.28 Improved En-cod-ing Al-go-rithm for Long Reads 
 []


Overfull \hbox (16.91603pt too wide) in paragraph at lines 797--802
[]\OT1/cmr/m/n/12 To eval-u-ate, through sim-u-la-tion, the per-for-mance of th
e im-proved en-cod-ing/decoding
 []

[17] [18]
\@kuee11chapter=\count302
\@kuee11figure=\count303
\@kuee12chapter=\count304
\@kuee12figure=\count305
 [19]
第{5}章.
[20

] (./bt_en.bbl [21

]
Underfull \hbox (badness 2582) in paragraph at lines 4--7
[]\OT1/cmr/m/n/12 Petroc Tay-lor, Data gen-er-a-tion vol-ume world-wide 2010--2
029, (2025),
 []


Underfull \hbox (badness 10000) in paragraph at lines 4--7
\OT1/cmr/m/n/12 https://www.statista.com/statistics/871513/worldwide-data-creat
ed/, Ac-
 []

LaTeX Font Info:    Kanji font shape `JY1/gt/m/it' undefined
(Font)              No change on input line 21.
LaTeX Font Info:    Kanji font shape `JY1/gt/m/it' undefined
(Font)              No change on input line 26.
LaTeX Font Info:    Kanji font shape `JY1/gt/m/it' undefined
(Font)              No change on input line 31.
LaTeX Font Info:    Kanji font shape `JY1/gt/m/it' undefined
(Font)              No change on input line 36.
LaTeX Font Info:    Kanji font shape `JY1/gt/m/it' undefined
(Font)              No change on input line 41.
LaTeX Font Info:    Kanji font shape `JY1/gt/m/it' undefined
(Font)              No change on input line 46.
[22

]
LaTeX Font Info:    Kanji font shape `JY1/gt/m/it' undefined
(Font)              No change on input line 52.
LaTeX Font Info:    Kanji font shape `JY1/gt/m/it' undefined
(Font)              No change on input line 58.
LaTeX Font Info:    Kanji font shape `JY1/gt/m/it' undefined
(Font)              No change on input line 61.
LaTeX Font Info:    Kanji font shape `JY1/gt/m/it' undefined
(Font)              No change on input line 67.
LaTeX Font Info:    Kanji font shape `JY1/gt/m/it' undefined
(Font)              No change on input line 72.
LaTeX Font Info:    Kanji font shape `JY1/gt/m/it' undefined
(Font)              No change on input line 81.
LaTeX Font Info:    Kanji font shape `JY1/gt/m/it' undefined
(Font)              No change on input line 87.

Overfull \hbox (13.3137pt too wide) in paragraph at lines 90--91
[]\JY1/mc/m/n/12 夏目漱石\OT1/cmr/m/n/12 , \JY1/mc/m/n/12 こころ\OT1/cmr/m/n/12
 , (1914), https://www.aozora.gr.jp/cards/000148/card773.html. 
 []

LaTeX Font Info:    Kanji font shape `JY1/gt/m/it' undefined
(Font)              No change on input line 96.
[23]
LaTeX Font Info:    Kanji font shape `JY1/gt/m/it' undefined
(Font)              No change on input line 101.
) [24]
付 録{A} .
[25

] [26]
Overfull \hbox (0.28262pt too wide) in paragraph at lines 1003--1004
[]\JY1/mc/m/n/12 提案手法を用いて復号を実施し ， 復号が完了するまでのヒ ープの
探索数を計
 []


Overfull \hbox (10.62177pt too wide) in paragraph at lines 1033--1040
\JY1/mc/m/n/12 た電流波形を学習デ ータとして用いた ． 既存の学習済みモデルであ
る \OT1/cmr/m/n/12 dna[]r9.4.1@v2
 []

[27]
\@kuee13chapter=\count306
\@kuee13table=\count307
\@kuee14chapter=\count308
\@kuee14table=\count309

Overfull \hbox (18.7871pt too wide) in paragraph at lines 1091--1127
[]\JY1/mc/m/n/12 ナノポアシ ーケンサ ーの読み出し特性の評価により得られたラベル
 $\OMS/cmsy/m/n/12 f\OML/cmm/m/it/12 N; A; C; G; T\OMS/cmsy/m/n/12 g$
 []

[28]
\@kuee15chapter=\count310
\@kuee15table=\count311
\@kuee16chapter=\count312
\@kuee16table=\count313
\@kuee17chapter=\count314
\@kuee17table=\count315
 AED kuee: Processing end Figures and Tables [29] (./bt_en.fff
File: hedges.png Graphic file (type bmp)
<hedges.png>

Overfull \hbox (2.79134pt too wide) in paragraph at lines 4--5
 [] 
 []

File: heap.png Graphic file (type bmp)
<heap.png>
File: nanopore.png Graphic file (type bmp)
<nanopore.png>

Overfull \hbox (2.79134pt too wide) in paragraph at lines 22--23
 [] 
 []

File: architecture.png Graphic file (type bmp)
<architecture.png>

Overfull \hbox (2.79134pt too wide) in paragraph at lines 31--32
 [] 
 []

[30] [31]
File: optim.png Graphic file (type bmp)
<optim.png>

Overfull \hbox (2.79134pt too wide) in paragraph at lines 41--42
 [] 
 []

File: segment.png Graphic file (type bmp)
<segment.png>

Overfull \hbox (2.79134pt too wide) in paragraph at lines 50--51
 [] 
 []

[32]
File: simu1.png Graphic file (type bmp)
<simu1.png>

Overfull \hbox (2.79134pt too wide) in paragraph at lines 60--61
 [] 
 []

File: longread1.png Graphic file (type bmp)
<longread1.png>
File: longread2.png Graphic file (type bmp)
<longread2.png>
[33] [34]
Overfull \hbox (68.66881pt too wide) in paragraph at lines 259--265
 [][][] 
 []

) [35] [36] (./bt_en.aux) ) 
Here is how much of TeX's memory you used:
 2275 strings out of 479850
 34747 string characters out of 5887378
 352567 words of memory out of 5000000
 20560 multiletter control sequences out of 15000+600000
 496074 words of font info for 127 fonts, out of 8000000 for 9000
 264 hyphenation exceptions out of 8191
 55i,19n,62p,228b,411s stack positions out of 5000i,500n,10000p,200000b,80000s

Output written on bt_en.dvi (40 pages, 103712 bytes).
